// Jest Snapshot v1, https://goo.gl/fbAQLP

exports[`ForgotPasswordScreen component should renders correctly 1`] = `
<View
  style={
    Object {
      "alignItems": "center",
      "alignSelf": "stretch",
      "backgroundColor": "#FFF",
      "flex": 1,
    }
  }
>
  <Text
    style={
      Object {
        "color": "#000",
        "fontFamily": "BrandonText-Medium",
        "fontSize": 18,
        "fontWeight": "500",
        "marginTop": "5.5%",
        "textAlign": "center",
        "width": "88%",
      }
    }
  >
    Enter your email address and further instructions will be sent there.
  </Text>
  <View
    style={
      Object {
        "alignItems": "center",
        "flexDirection": "row",
        "justifyContent": "center",
        "position": "relative",
      }
    }
  >
    <Image
      source={null}
      style={
        Object {
          "bottom": 16,
          "height": 25,
          "left": 0,
          "margin": 5,
          "padding": 10,
          "position": "absolute",
          "width": 25,
        }
      }
    />
    <TextInput
      allowFontScaling={true}
      autoCapitalize="none"
      autoCorrect={false}
      keyboardType="email-address"
      onChangeText={[Function]}
      rejectResponderTermination={true}
      style={
        Object {
          "backgroundColor": "transparent",
          "borderBottomColor": "grey",
          "borderBottomWidth": 1,
          "fontFamily": "BrandonText-Medium",
          "fontSize": 18,
          "height": 66,
          "marginTop": 46,
          "paddingLeft": 40,
          "width": "88%",
        }
      }
      testID="Email Input Forgot Password"
      underlineColorAndroid="transparent"
      value=""
    />
  </View>
  <TouchableOpacity
    activeOpacity={0.2}
    onPress={[Function]}
    style={
      Object {
        "alignItems": "center",
        "backgroundColor": "#0EAF27",
        "borderRadius": 5,
        "height": 50,
        "justifyContent": "center",
        "marginTop": 30,
        "width": "88%",
      }
    }
    testID="Submit Button Forgot Password"
  >
    <Text
      style={
        Object {
          "color": "#FFF",
          "fontFamily": "BrandonText-Medium",
          "fontSize": 20,
        }
      }
    >
      Submit
    </Text>
  </TouchableOpacity>
  <ModalSimple
    headline="Invalid Email.
Please Try Again."
    isVisible={false}
    onPress={[MockFunction]}
    testID="Invalid Email Modal Forgot Password"
  />
</View>
`;
